src/app/[locale]/waiter/table/[tableNumber]/WaiterOrderClient.tsx(302,12): error TS2304: Cannot find name 'tableLabel'.
src/app/[locale]/waiter/table/[tableNumber]/WaiterOrderClient.tsx(347,16): error TS2304: Cannot find name 'tableLabel'.
src/app/[locale]/waiter/table/[tableNumber]/WaiterOrderClient.tsx(394,18): error TS2304: Cannot find name 'tableLabel'.
